Running: hf upload DeepSeekOracle/lygo-protocol-stack I:\E Drive\lygo-protocol-stack\_hf_staging . --repo-type dataset --commit-message ╬ö9╬ª963 2026-07-04: lygo-champion-lightfather, Biophase7 deadman seed, protocol9_failsafe, sovereign+LF vector v1.1
It seems you are trying to upload a large folder at once. This might take some time and then fail if the folder is too large. For such cases, it is recommended to upload in smaller batches or to use `HfApi().upload_large_folder(...)`/`hf upload-large-folder` instead. For more details, check out https://huggingface.co/docs/huggingface_hub/main/en/guides/upload#upload-a-large-folder.
Start hashing 4969 files.
Finished hashing 4969 files.
Skipped upload for 1 LFS file(s) (ignored by gitignore file).

Processing Files (0 / 0)      : |          |  0.00B /  0.00B            

New Data Upload               : |          |  0.00B /  0.00B            [A


  ...\build\champion-lyrd9.bin: 100%|ΓûêΓûêΓûêΓûêΓûêΓûêΓûêΓûêΓûêΓûê| 1.13kB / 1.13kB            [A[A



  ...uild\champion-sancora.bin: 100%|ΓûêΓûêΓûêΓûêΓûêΓûêΓûêΓûêΓûêΓûê| 1.11kB / 1.11kB            [A[A[A




  ...ild\champion-justicae.bin: 100%|ΓûêΓûêΓûêΓûêΓûêΓûêΓûêΓûêΓûêΓûê| 1.76kB / 1.76kB            [A[A[A[A





  ...build\champion-kairos.bin: 100%|ΓûêΓûêΓûêΓûêΓûêΓûêΓûêΓûêΓûêΓûê| 1.13kB / 1.13kB            [A[A[A[A[A






  ...ild\champion-aetheris.bin: 100%|ΓûêΓûêΓûêΓûêΓûêΓûêΓûêΓûêΓûêΓûê| 1.10kB / 1.10kB            [A[A[A[A[A[A







  ...uild\champion-zetad99.bin: 100%|ΓûêΓûêΓûêΓûêΓûêΓûêΓûêΓûêΓûêΓûê| 1.60kB / 1.60kB            [A[A[A[A[A[A[A








  ...awhub-lattice-catalog.bin: 100%|ΓûêΓûêΓûêΓûêΓûêΓûêΓûêΓûêΓûêΓûê| 4.46kB / 4.46kB            [A[A[A[A[A[A[A[A









  ...uild\champion-scend9r.bin: 100%|ΓûêΓûêΓûêΓûêΓûêΓûêΓûêΓûêΓûêΓûê| 1.11kB / 1.11kB            [A[A[A[A[A[A[A[A[A










  ...\build\champion-arkos.bin: 100%|ΓûêΓûêΓûêΓûêΓûêΓûêΓûêΓûêΓûêΓûê| 1.12kB / 1.12kB            [A[A[A[A[A[A[A[A[A[A











  ...joy-loop-protocol-v21.bin: 100%|ΓûêΓûêΓûêΓûêΓûêΓûêΓûêΓûêΓûêΓûê| 3.36kB / 3.36kB            [A[A[A[A[A[A[A[A[A[A[A


  ...\build\champion-lyrd9.bin: 100%|ΓûêΓûêΓûêΓûêΓûêΓûêΓûêΓûêΓûêΓûê| 1.13kB / 1.13kB            [A[A



  ...uild\champion-sancora.bin: 100%|ΓûêΓûêΓûêΓûêΓûêΓûêΓûêΓûêΓûêΓûê| 1.11kB / 1.11kB            [A[A[A




  ...ild\champion-justicae.bin: 100%|ΓûêΓûêΓûêΓûêΓûêΓûêΓûêΓûêΓûêΓûê| 1.76kB / 1.76kB            [A[A[A[A





  ...build\champion-kairos.bin: 100%|ΓûêΓûêΓûêΓûêΓûêΓûêΓûêΓûêΓûêΓûê| 1.13kB / 1.13kB            [A[A[A[A[A






  ...ild\champion-aetheris.bin: 100%|ΓûêΓûêΓûêΓûêΓûêΓûêΓûêΓûêΓûêΓûê| 1.10kB / 1.10kB            [A[A[A[A[A[A







  ...uild\champion-zetad99.bin: 100%|ΓûêΓûêΓûêΓûêΓûêΓûêΓûêΓûêΓûêΓûê| 1.60kB / 1.60kB            [A[A[A[A[A[A[A








  ...awhub-lattice-catalog.bin: 100%|ΓûêΓûêΓûêΓûêΓûêΓûêΓûêΓûêΓûêΓûê| 4.46kB / 4.46kB            [A[A[A[A[A[A[A[A









  ...uild\champion-scend9r.bin: 100%|ΓûêΓûêΓûêΓûêΓûêΓûêΓûêΓûêΓûêΓûê| 1.11kB / 1.11kB            [A[A[A[A[A[A[A[A[A










  ...\build\champion-arkos.bin: 100%|ΓûêΓûêΓûêΓûêΓûêΓûêΓûêΓûêΓûêΓûê| 1.12kB / 1.12kB            [A[A[A[A[A[A[A[A[A[A











  [+ 7 files]                 :  86%|ΓûêΓûêΓûêΓûêΓûêΓûêΓûêΓûêΓûî |  199kB /  231kB            [A[A[A[A[A[A[A[A[A[A[A


  ...uild\champion-scend9r.bin: 100%|ΓûêΓûêΓûêΓûêΓûêΓûêΓûêΓûêΓûêΓûê| 1.11kB / 1.11kB            [A[A



  ...\build\champion-arkos.bin: 100%|ΓûêΓûêΓûêΓûêΓûêΓûêΓûêΓûêΓûêΓûê| 1.12kB / 1.12kB            [A[A[A




  ...joy-loop-protocol-v21.bin: 100%|ΓûêΓûêΓûêΓûêΓûêΓûêΓûêΓûêΓûêΓûê| 3.36kB / 3.36kB            [A[A[A[A





  ...ld\champion-omnisiren.bin: 100%|ΓûêΓûêΓûêΓûêΓûêΓûêΓûêΓûêΓûêΓûê| 1.25kB / 1.25kB            [A[A[A[A[A






  ...\firmware-p04-drivers.bin: 100%|ΓûêΓûêΓûêΓûêΓûêΓûêΓûêΓûêΓûêΓûê| 12.2kB / 12.2kB            [A[A[A[A[A[A







  ...\build\champion-d99ra.bin: 100%|ΓûêΓûêΓûêΓûêΓûêΓûêΓûêΓûêΓûêΓûê| 1.14kB / 1.14kB            [A[A[A[A[A[A[A








  ...\champion-lightfather.bin: 100%|ΓûêΓûêΓûêΓûêΓûêΓûêΓûêΓûêΓûêΓûê| 1.12kB / 1.12kB            [A[A[A[A[A[A[A[A









  ...ild\champion-sephrael.bin: 100%|ΓûêΓûêΓûêΓûêΓûêΓûêΓûêΓûêΓûêΓûê| 1.11kB / 1.11kB            [A[A[A[A[A[A[A[A[A










  ...s\og-haven-star-chart.jpg: 100%|ΓûêΓûêΓûêΓûêΓûêΓûêΓûêΓûêΓûêΓûê|  210kB /  210kB            [A[A[A[A[A[A[A[A[A[A











  [+ 7 files]                 : 100%|ΓûêΓûêΓûêΓûêΓûêΓûêΓûêΓûêΓûêΓûê| 51.8kB / 51.8kB            [A[A[A[A[A[A[A[A[A[A[A
Processing Files (24 / 24)    : 100%|ΓûêΓûêΓûêΓûêΓûêΓûêΓûêΓûêΓûêΓûê|  296kB /  296kB,   ???B/s  
Processing Files (24 / 24)    : 100%|ΓûêΓûêΓûêΓûêΓûêΓûêΓûêΓûêΓûêΓûê|  296kB /  296kB,   ???B/s  

New Data Upload               : |          |  0.00B /  0.00B,   ???B/s  

  ...uild\champion-scend9r.bin: 100%|ΓûêΓûêΓûêΓûêΓûêΓûêΓûêΓûêΓûêΓûê| 1.11kB / 1.11kB            

  ...\build\champion-arkos.bin: 100%|ΓûêΓûêΓûêΓûêΓûêΓûêΓûêΓûêΓûêΓûê| 1.12kB / 1.12kB            

  ...joy-loop-protocol-v21.bin: 100%|ΓûêΓûêΓûêΓûêΓûêΓûêΓûêΓûêΓûêΓûê| 3.36kB / 3.36kB            

  ...ld\champion-omnisiren.bin: 100%|ΓûêΓûêΓûêΓûêΓûêΓûêΓûêΓûêΓûêΓûê| 1.25kB / 1.25kB            

  ...\firmware-p04-drivers.bin: 100%|ΓûêΓûêΓûêΓûêΓûêΓûêΓûêΓûêΓûêΓûê| 12.2kB / 12.2kB            

  ...\build\champion-d99ra.bin: 100%|ΓûêΓûêΓûêΓûêΓûêΓûêΓûêΓûêΓûêΓûê| 1.14kB / 1.14kB            

  ...\champion-lightfather.bin: 100%|ΓûêΓûêΓûêΓûêΓûêΓûêΓûêΓûêΓûêΓûê| 1.12kB / 1.12kB            

  ...ild\champion-sephrael.bin: 100%|ΓûêΓûêΓûêΓûêΓûêΓûêΓûêΓûêΓûêΓûê| 1.11kB / 1.11kB            

  ...s\og-haven-star-chart.jpg: 100%|ΓûêΓûêΓûêΓûêΓûêΓûêΓûêΓûêΓûêΓûê|  210kB /  210kB            

  [+ 7 files]                 : 100%|ΓûêΓûêΓûêΓûêΓûêΓûêΓûêΓûêΓûêΓûê| 51.8kB / 51.8kB            
Removing 497 file(s) from commit that have not changed.
Skipped 4456 file(s) in commit (ignored by gitignore file).
Γ£ô Uploaded
  url: https://huggingface.co/datasets/DeepSeekOracle/lygo-protocol-stack/commit/177bf00f69b085987c34ebae56a4cb16b1c29b27
